LISTING FOR LOGIC DESCRIPTION FILE: N8-BIT.pld                       Page 1

CUPL(WM): Universal Compiler for Programmable Logic
Version 5.0a Serial# 60008009
Copyright (c) 1983, 1998 Logical Devices, Inc.
Created Mon Aug 23 10:13:12 2021

  1:Name            N8 Bit ;
  2:PartNo  ATF22V10C-10PU ;
  3:Date            23-Aug-2021 ;
  4:Revision        03 ;
  5:Designer        Nate Rivard ;
  6:Company N8 Bit Special ;
  7:Assembly        None ;
  8:Location        Amsterdam, NL ;
  9:Device          g22v10 ;
 10:
 11:/****Input Pins****/
 12:PIN [11..2] = [A15..A6] ;
 13:PIN 1 = CLK ;
 14:PIN 13 = RWB ;
 15:
 16:/****I/O Pins ****/
 17:/* 
 18:   These are currently unused
 19:   but available for any future
 20:   need. make sure to test if you
 21:   use these!
 22:*/
 23:PIN 16 = FUTURE_0 ;
 24:PIN 15 = FUTURE_1 ;
 25:PIN 14 = NC ;
 26:
 27:/****Output Pins****/
 28:PIN 23 = ROM_CS ;
 29:PIN 22 = RAM1_CS ;
 30:PIN 21 = RAM2_CS ; 
 31:PIN 20 = PORT0_CS ;
 32:PIN 19 = PORT1_CS ;
 33:PIN 18 = PORT2_CS ;
 34:PIN 17 = PORT3_CS ;
 35:
 36:/****Declarations and Intermediates****/
 37:FIELD ADDRESS = [A15..A6] ;
 38:
 39:!RAM1_CS = CLK & ADDRESS:[0000..7FFF] ;
 40:!RAM2_CS = CLK & ADDRESS:[8000..BEFF] ;
 41:!PORT0_CS = ADDRESS:[BF00..BF3F] ;
 42:!PORT1_CS = ADDRESS:[BF40..BF7F] ;
 43:!PORT2_CS = ADDRESS:[BF80..BFBF] ;
 44:!PORT3_CS = ADDRESS:[BFC0..BFFF] ;
 45:!ROM_CS = ADDRESS:[C000..FFFF] ;
 46:
 47:



